../Core/Src/main.c:99:5:data_from_iot	16	static
../Core/Src/main.c:183:6:motor_drive_clockwise	8	static
../Core/Src/main.c:205:6:motor_drive_anticlockwise	8	static
../Core/Src/main.c:224:6:motor_drive_stop	8	static
../Core/Src/main.c:237:6:timer_start	8	static
../Core/Src/main.c:250:6:Buzzer	8	static
../Core/Src/main.c:259:6:laser_detect	8	static
../Core/Src/main.c:294:5:main	8	static
../Core/Src/main.c:442:6:SystemClock_Config	80	static
../Core/Src/main.c:483:13:MX_TIM2_Init	48	static
../Core/Src/main.c:542:13:MX_TIM6_Init	16	static
../Core/Src/main.c:580:13:MX_USART1_UART_Init	8	static
../Core/Src/main.c:613:13:MX_USART2_UART_Init	8	static
../Core/Src/main.c:646:13:MX_GPIO_Init	48	static
../Core/Src/main.c:705:6:HAL_TIM_PeriodElapsedCallback	16	static
../Core/Src/main.c:733:6:Error_Handler	4	static,ignoring_inline_asm
